  out-of-sample H2 placebo: 25/319 events, 21s
  out-of-sample H2 placebo: 50/319 events, 38s
  out-of-sample H2 placebo: 75/319 events, 53s
  out-of-sample H2 placebo: 100/319 events, 65s
  out-of-sample H2 placebo: 125/319 events, 78s
  out-of-sample H2 placebo: 150/319 events, 91s
  out-of-sample H2 placebo: 175/319 events, 108s
  out-of-sample H2 placebo: 200/319 events, 119s
  out-of-sample H2 placebo: 225/319 events, 132s
  out-of-sample H2 placebo: 250/319 events, 146s
  out-of-sample H2 placebo: 275/319 events, 161s
  out-of-sample H2 placebo: 300/319 events, 173s
out-of-sample H2 placebo: 319 events -> 281 priced (event, bucket) pairs; 38 drops; 182s
  out-of-sample H2 debt_issuance: 25/107 events, 17s
  out-of-sample H2 debt_issuance: 50/107 events, 34s
  out-of-sample H2 debt_issuance: 75/107 events, 54s
  out-of-sample H2 debt_issuance: 100/107 events, 72s
out-of-sample H2 debt_issuance: 107 events -> 96 priced (event, bucket) pairs; 11 drops; 77s
  out-of-sample H2 executive_compensation_change: 25/72 events, 12s
  out-of-sample H2 executive_compensation_change: 50/72 events, 27s
out-of-sample H2 executive_compensation_change: 72 events -> 67 priced (event, bucket) pairs; 5 drops; 35s
  out-of-sample H2 annual_meeting_results: 25/69 events, 20s
  out-of-sample H2 annual_meeting_results: 50/69 events, 37s
out-of-sample H2 annual_meeting_results: 69 events -> 64 priced (event, bucket) pairs; 5 drops; 51s
  out-of-sample H2 investor_presentation: 25/49 events, 19s
out-of-sample H2 investor_presentation: 49 events -> 43 priced (event, bucket) pairs; 6 drops; 33s
  out-of-sample H2 underwriting_agreement: 25/55 events, 12s
  out-of-sample H2 underwriting_agreement: 50/55 events, 22s
out-of-sample H2 underwriting_agreement: 55 events -> 51 priced (event, bucket) pairs; 4 drops; 24s
  out-of-sample H2 executive_officer_departure: 25/41 events, 10s
out-of-sample H2 executive_officer_departure: 41 events -> 36 priced (event, bucket) pairs; 5 drops; 15s
  out-of-sample H2 quarterly_earnings: 25/45 events, 4s
out-of-sample H2 quarterly_earnings: 45 events -> 40 priced (event, bucket) pairs; 5 drops; 8s
  out-of-sample H2 shareholder_proposal_outcome: 25/57 events, 11s
  out-of-sample H2 shareholder_proposal_outcome: 50/57 events, 22s
out-of-sample H2 shareholder_proposal_outcome: 57 events -> 55 priced (event, bucket) pairs; 2 drops; 26s
  out-of-sample H2 executive_officer_appointment: 25/39 events, 2s
out-of-sample H2 executive_officer_appointment: 39 events -> 37 priced (event, bucket) pairs; 2 drops; 3s
  out-of-sample H2 director_departure: 25/40 events, 20s
out-of-sample H2 director_departure: 40 events -> 32 priced (event, bucket) pairs; 8 drops; 30s
  out-of-sample H2 director_appointment: 25/28 events, 13s
out-of-sample H2 director_appointment: 28 events -> 22 priced (event, bucket) pairs; 6 drops; 14s
out-of-sample H2 dividend_declaration: 24 events -> 23 priced (event, bucket) pairs; 1 drops; 15s
  out-of-sample H2 credit_facility: 25/29 events, 15s
out-of-sample H2 credit_facility: 29 events -> 25 priced (event, bucket) pairs; 4 drops; 19s
out-of-sample H2 guidance_issuance_or_update: 18 events -> 15 priced (event, bucket) pairs; 3 drops; 9s
out-of-sample H2 business_update: 19 events -> 18 priced (event, bucket) pairs; 1 drops; 11s
out-of-sample H2 bylaw_amendment: 15 events -> 14 priced (event, bucket) pairs; 1 drops; 7s
out-of-sample H2 guarantee_or_letter_of_credit: 17 events -> 12 priced (event, bucket) pairs; 5 drops; 4s
out-of-sample H2 debt_retirement: 16 events -> 9 priced (event, bucket) pairs; 7 drops; 5s
# Variance-premium map · 2026-10-03 20:22

Metric: mean log(|realized move| ÷ implied move) over h=21, h=42 and expiry, events minus ordinary days. Above 0 = moved more than priced (under-priced). 95% CIs resample calendar months; BH at q=0.10.

In-sample comparisons in this map: 18. Vrp tags used: ['vrp-v1'].

Strategy edge is versus ordinary days (gross). Net P&L is the trade's own mean P&L after costs. By year: in-sample diff per calendar year.

| category | n | in-sample diff | 95% CI | p | BH | strategy | strategy edge | net P&L | by year | implied gap | OOS diff | OOS verdict | seen before |
|---|---|---|---|---|---|---|---|---|---|---|---|---|---|
| H2_fresh_minus_stale | 666 fresh / 547 stale | +0.003 | -0.102 to +0.102 | 0.999 |  |  |  |  |  |  | -0.149 | NOT CONFIRMED |  |
| bylaw_amendment | 43 | -0.179 | -0.459 to +0.089 | 0.182 |  | cash_secured_put | -0.01% | -0.02% | 2024: -0.211, 2025: -0.138 | 0.981 |  |  |  |
| underwriting_agreement | 133 | -0.084 | -0.223 to +0.036 | 0.188 |  | cash_secured_put | +0.60% | +0.55% | 2024: -0.112, 2025: -0.083 | 0.943 |  |  |  |
| director_appointment | 88 | +0.108 | -0.055 to +0.271 | 0.204 |  | protective_put | +0.14% | +1.39% | 2024: +0.062, 2025: +0.157 | 0.991 |  |  |  |
| debt_retirement | 35 | -0.147 | -0.461 to +0.139 | 0.307 |  | cash_secured_put | -0.26% | +0.56% | 2024: -0.266, 2025: -0.066 | 0.993 |  |  |  |
| credit_facility | 56 | +0.122 | -0.108 to +0.338 | 0.312 |  | protective_put | +2.50% | +2.01% | 2024: +0.021, 2025: +0.243 | 0.975 |  |  |  |
| guarantee_or_letter_of_credit | 32 | +0.157 | -0.177 to +0.437 | 0.332 |  | protective_put | +2.38% | +1.37% | 2024: -0.158, 2025: +0.350 | 0.981 |  |  |  |
| executive_officer_appointment | 89 | +0.090 | -0.097 to +0.276 | 0.334 |  | protective_put | +0.66% | +1.27% | 2024: +0.311, 2025: -0.051 | 0.961 |  |  | yes |
| debt_issuance | 132 | -0.070 | -0.227 to +0.086 | 0.383 |  | cash_secured_put | +0.59% | +0.73% | 2024: +0.099, 2025: -0.213 | 0.951 |  |  |  |
| executive_compensation_change | 137 | +0.038 | -0.109 to +0.182 | 0.572 |  | protective_put | -0.91% | +0.37% | 2024: +0.032, 2025: +0.070 | 1.049 |  |  |  |
| director_departure | 91 | +0.049 | -0.129 to +0.236 | 0.605 |  | protective_put | -0.31% | +1.05% | 2024: +0.104, 2025: -0.011 | 0.964 |  |  | yes |
| business_update | 49 | +0.056 | -0.166 to +0.266 | 0.629 |  | protective_put | +2.02% | +3.08% | 2024: -0.054, 2025: +0.168 | 1.075 |  |  |  |
| investor_presentation | 137 | +0.042 | -0.162 to +0.246 | 0.686 |  | protective_put | +2.12% | +2.89% | 2024: +0.081, 2025: -0.001 | 1.008 |  |  |  |
| guidance_issuance_or_update | 52 | +0.042 | -0.236 to +0.292 | 0.769 |  | protective_put | +2.48% | +2.07% | 2024: +0.134, 2025: -0.045 | 1.049 |  |  | yes |
| dividend_declaration | 74 | -0.027 | -0.240 to +0.232 | 0.791 |  | cash_secured_put | -0.10% | +0.52% | 2024: +0.079, 2025: -0.115 | 1.062 |  |  |  |
| quarterly_earnings | 117 | -0.027 | -0.276 to +0.197 | 0.855 |  | cash_secured_put | +0.52% | +0.87% | 2024: -0.121, 2025: +0.057 | 0.980 |  |  | yes |
| shareholder_proposal_outcome | 112 | -0.022 | -0.178 to +0.201 | 0.869 |  | cash_secured_put | +0.85% | +1.00% | 2024: -0.032, 2025: -0.009 | 0.957 |  |  |  |
| annual_meeting_results | 137 | -0.021 | -0.194 to +0.224 | 0.875 |  | cash_secured_put | +1.02% | +1.08% | 2024: +0.024, 2025: -0.048 | 0.969 |  |  |  |
| executive_officer_departure | 115 | -0.008 | -0.175 to +0.154 | 0.906 |  | cash_secured_put | +0.42% | +0.14% | 2024: +0.146, 2025: -0.108 | 0.975 |  |  |  |
