  in-sample placebo: 25/356 events, 18s
  in-sample placebo: 50/356 events, 34s
  in-sample placebo: 75/356 events, 53s
  in-sample placebo: 100/356 events, 71s
  in-sample placebo: 125/356 events, 90s
  in-sample placebo: 150/356 events, 110s
  in-sample placebo: 175/356 events, 131s
  in-sample placebo: 200/356 events, 157s
  in-sample placebo: 225/356 events, 178s
  in-sample placebo: 250/356 events, 195s
  in-sample placebo: 275/356 events, 214s
  in-sample placebo: 300/356 events, 233s
  in-sample placebo: 325/356 events, 256s
  in-sample placebo: 350/356 events, 272s
in-sample placebo: 356 events -> 320 priced (event, bucket) pairs; 36 drops; 276s
  in-sample debt_issuance: 25/150 events, 19s
  in-sample debt_issuance: 50/150 events, 37s
  in-sample debt_issuance: 75/150 events, 55s
  in-sample debt_issuance: 100/150 events, 72s
  in-sample debt_issuance: 125/150 events, 90s
  in-sample debt_issuance: 150/150 events, 107s
in-sample debt_issuance: 150 events -> 135 priced (event, bucket) pairs; 15 drops; 107s
  in-sample executive_compensation_change: 25/150 events, 11s
  in-sample executive_compensation_change: 50/150 events, 21s
  in-sample executive_compensation_change: 75/150 events, 33s
  in-sample executive_compensation_change: 100/150 events, 48s
  in-sample executive_compensation_change: 125/150 events, 65s
  in-sample executive_compensation_change: 150/150 events, 78s
in-sample executive_compensation_change: 150 events -> 139 priced (event, bucket) pairs; 11 drops; 78s
  in-sample annual_meeting_results: 25/150 events, 19s
  in-sample annual_meeting_results: 50/150 events, 37s
  in-sample annual_meeting_results: 75/150 events, 55s
  in-sample annual_meeting_results: 100/150 events, 72s
  in-sample annual_meeting_results: 125/150 events, 84s
  in-sample annual_meeting_results: 150/150 events, 100s
in-sample annual_meeting_results: 150 events -> 139 priced (event, bucket) pairs; 11 drops; 100s
  in-sample investor_presentation: 25/149 events, 14s
  in-sample investor_presentation: 50/149 events, 26s
  in-sample investor_presentation: 75/149 events, 40s
  in-sample investor_presentation: 100/149 events, 55s
  in-sample investor_presentation: 125/149 events, 68s
in-sample investor_presentation: 149 events -> 140 priced (event, bucket) pairs; 9 drops; 82s
  in-sample underwriting_agreement: 25/146 events, 10s
  in-sample underwriting_agreement: 50/146 events, 23s
  in-sample underwriting_agreement: 75/146 events, 36s
  in-sample underwriting_agreement: 100/146 events, 47s
  in-sample underwriting_agreement: 125/146 events, 56s
in-sample underwriting_agreement: 146 events -> 136 priced (event, bucket) pairs; 10 drops; 68s
  in-sample executive_officer_departure: 25/132 events, 10s
  in-sample executive_officer_departure: 50/132 events, 20s
  in-sample executive_officer_departure: 75/132 events, 30s
  in-sample executive_officer_departure: 100/132 events, 36s
  in-sample executive_officer_departure: 125/132 events, 46s
in-sample executive_officer_departure: 132 events -> 117 priced (event, bucket) pairs; 15 drops; 48s
  in-sample quarterly_earnings: 25/131 events, 2s
  in-sample quarterly_earnings: 50/131 events, 4s
  in-sample quarterly_earnings: 75/131 events, 6s
  in-sample quarterly_earnings: 100/131 events, 8s
  in-sample quarterly_earnings: 125/131 events, 10s
in-sample quarterly_earnings: 131 events -> 118 priced (event, bucket) pairs; 13 drops; 10s
  in-sample shareholder_proposal_outcome: 25/121 events, 6s
  in-sample shareholder_proposal_outcome: 50/121 events, 13s
  in-sample shareholder_proposal_outcome: 75/121 events, 17s
  in-sample shareholder_proposal_outcome: 100/121 events, 22s
in-sample shareholder_proposal_outcome: 121 events -> 113 priced (event, bucket) pairs; 8 drops; 26s
  in-sample executive_officer_appointment: 25/105 events, 1s
  in-sample executive_officer_appointment: 50/105 events, 2s
  in-sample executive_officer_appointment: 75/105 events, 3s
  in-sample executive_officer_appointment: 100/105 events, 4s
in-sample executive_officer_appointment: 105 events -> 91 priced (event, bucket) pairs; 14 drops; 4s
  in-sample director_departure: 25/101 events, 16s
  in-sample director_departure: 50/101 events, 27s
  in-sample director_departure: 75/101 events, 37s
  in-sample director_departure: 100/101 events, 48s
in-sample director_departure: 101 events -> 93 priced (event, bucket) pairs; 8 drops; 49s
  in-sample director_appointment: 25/97 events, 13s
  in-sample director_appointment: 50/97 events, 23s
  in-sample director_appointment: 75/97 events, 37s
in-sample director_appointment: 97 events -> 88 priced (event, bucket) pairs; 9 drops; 48s
  in-sample dividend_declaration: 25/79 events, 11s
  in-sample dividend_declaration: 50/79 events, 26s
  in-sample dividend_declaration: 75/79 events, 39s
in-sample dividend_declaration: 79 events -> 75 priced (event, bucket) pairs; 4 drops; 41s
  in-sample credit_facility: 25/62 events, 15s
  in-sample credit_facility: 50/62 events, 30s
in-sample credit_facility: 62 events -> 59 priced (event, bucket) pairs; 3 drops; 38s
  in-sample guidance_issuance_or_update: 25/60 events, 3s
  in-sample guidance_issuance_or_update: 50/60 events, 6s
in-sample guidance_issuance_or_update: 60 events -> 52 priced (event, bucket) pairs; 8 drops; 7s
  in-sample business_update: 25/54 events, 17s
  in-sample business_update: 50/54 events, 31s
in-sample business_update: 54 events -> 50 priced (event, bucket) pairs; 4 drops; 34s
  in-sample bylaw_amendment: 25/47 events, 17s
in-sample bylaw_amendment: 47 events -> 43 priced (event, bucket) pairs; 4 drops; 28s
  in-sample guarantee_or_letter_of_credit: 25/42 events, 6s
in-sample guarantee_or_letter_of_credit: 42 events -> 33 priced (event, bucket) pairs; 9 drops; 11s
  in-sample debt_retirement: 25/40 events, 15s
in-sample debt_retirement: 40 events -> 35 priced (event, bucket) pairs; 5 drops; 20s
                          tag   n  n_placebo      diff        lo       hi     p         strategy  strategy_edge  strategy_net                                                                                          by_year  implied_gap  seen_before  bh_pass
              bylaw_amendment  43        149 -0.178659 -0.458930 0.089121 0.182 cash_secured_put      -0.000093     -0.000217    {2024: {'diff': -0.21147660975878202, 'n': 23}, 2025: {'diff': -0.1381235490603993, 'n': 20}}     0.980828        False    False
       underwriting_agreement 133        205 -0.084427 -0.223029 0.035897 0.188 cash_secured_put       0.006034      0.005508   {2024: {'diff': -0.11205085405389137, 'n': 51}, 2025: {'diff': -0.08295389908739598, 'n': 82}}     0.942513        False    False
         director_appointment  88        204  0.107983 -0.055333 0.270559 0.204   protective_put       0.001410      0.013910      {2024: {'diff': 0.0619350226325176, 'n': 42}, 2025: {'diff': 0.15736711302869616, 'n': 46}}     0.991104        False    False
              debt_retirement  35         66 -0.146860 -0.461242 0.138763 0.307 cash_secured_put      -0.002613      0.005614    {2024: {'diff': -0.26603764895416465, 'n': 17}, 2025: {'diff': -0.0663019240390067, 'n': 18}}     0.992573        False    False
              credit_facility  56        112  0.121638 -0.107986 0.337849 0.312   protective_put       0.024964      0.020130    {2024: {'diff': 0.021427079168937824, 'n': 24}, 2025: {'diff': 0.24295801241347526, 'n': 32}}     0.975083        False    False
guarantee_or_letter_of_credit  32         74  0.156620 -0.176583 0.437270 0.332   protective_put       0.023821      0.013698     {2024: {'diff': -0.1575854119953476, 'n': 11}, 2025: {'diff': 0.35033217320746596, 'n': 21}}     0.981451        False    False
executive_officer_appointment  89        194  0.090171 -0.096788 0.275855 0.334   protective_put       0.006613      0.012736      {2024: {'diff': 0.3108185212052535, 'n': 33}, 2025: {'diff': -0.0512844703693866, 'n': 56}}     0.961329         True    False
                debt_issuance 132        205 -0.069527 -0.226732 0.085670 0.383 cash_secured_put       0.005858      0.007300     {2024: {'diff': 0.09915029965679739, 'n': 60}, 2025: {'diff': -0.2134437686003008, 'n': 72}}     0.951486        False    False
executive_compensation_change 137        239  0.037612 -0.108712 0.181602 0.572   protective_put      -0.009135      0.003700      {2024: {'diff': 0.0316856144847345, 'n': 54}, 2025: {'diff': 0.06990078074280975, 'n': 83}}     1.049042        False    False
           director_departure  91        190  0.049233 -0.129129 0.236212 0.605   protective_put      -0.003099      0.010500    {2024: {'diff': 0.1036826565197208, 'n': 46}, 2025: {'diff': -0.011387725907381185, 'n': 45}}     0.963649         True    False
              business_update  49        307  0.056289 -0.165978 0.265638 0.629   protective_put       0.020187      0.030829   {2024: {'diff': -0.054481355789227304, 'n': 23}, 2025: {'diff': 0.16758019693979753, 'n': 26}}     1.075462        False    False
        investor_presentation 137        140  0.041522 -0.161986 0.245603 0.686   protective_put       0.021160      0.028858  {2024: {'diff': 0.08113208920496928, 'n': 72}, 2025: {'diff': -0.0005188291803160383, 'n': 65}}     1.008288        False    False
  guidance_issuance_or_update  52        101  0.042292 -0.236202 0.291935 0.769   protective_put       0.024799      0.020652   {2024: {'diff': 0.13410524372015276, 'n': 26}, 2025: {'diff': -0.044668930811684215, 'n': 26}}     1.048953         True    False
         dividend_declaration  74         63 -0.026887 -0.239658 0.232428 0.791 cash_secured_put      -0.001006      0.005201    {2024: {'diff': 0.07908787529555095, 'n': 36}, 2025: {'diff': -0.11464618721968967, 'n': 38}}     1.061628        False    False
           quarterly_earnings 117         97 -0.027304 -0.276331 0.197224 0.855 cash_secured_put       0.005225      0.008672    {2024: {'diff': -0.12121087950913556, 'n': 65}, 2025: {'diff': 0.05733318887792166, 'n': 52}}     0.979772         True    False
 shareholder_proposal_outcome 112        245 -0.022152 -0.178425 0.201124 0.869 cash_secured_put       0.008452      0.009995 {2024: {'diff': -0.031980749740025904, 'n': 59}, 2025: {'diff': -0.009397808956821796, 'n': 53}}     0.957458        False    False
       annual_meeting_results 137        276 -0.020683 -0.194493 0.224472 0.875 cash_secured_put       0.010201      0.010753   {2024: {'diff': 0.023892448498623597, 'n': 65}, 2025: {'diff': -0.04837857200519341, 'n': 72}}     0.968974        False    False
  executive_officer_departure 115        232 -0.008357 -0.175011 0.153947 0.906 cash_secured_put       0.004211      0.001375    {2024: {'diff': 0.14568917080913063, 'n': 49}, 2025: {'diff': -0.10758864144047758, 'n': 66}}     0.975471        False    False
# Variance-premium map · 2026-10-03 19:27

Metric: mean log(|realized move| ÷ implied move) over h=21, h=42 and expiry, events minus ordinary days. Above 0 = moved more than priced (under-priced). 95% CIs resample calendar months; BH at q=0.10.

In-sample comparisons in this map: 18. Vrp tags used: ['vrp-v1'].

Strategy edge is versus ordinary days (gross). Net P&L is the trade's own mean P&L after costs. By year: in-sample diff per calendar year.

| category | n | in-sample diff | 95% CI | p | BH | strategy | strategy edge | net P&L | by year | implied gap | OOS diff | OOS verdict | seen before |
|---|---|---|---|---|---|---|---|---|---|---|---|---|---|
| H2_fresh_minus_stale | 666 fresh / 547 stale | +0.003 | -0.102 to +0.102 | 0.999 |  |  |  |  |  |  |  |  |  |
| bylaw_amendment | 43 | -0.179 | -0.459 to +0.089 | 0.182 |  | cash_secured_put | -0.01% | -0.02% | 2024: -0.211, 2025: -0.138 | 0.981 |  |  |  |
| underwriting_agreement | 133 | -0.084 | -0.223 to +0.036 | 0.188 |  | cash_secured_put | +0.60% | +0.55% | 2024: -0.112, 2025: -0.083 | 0.943 |  |  |  |
| director_appointment | 88 | +0.108 | -0.055 to +0.271 | 0.204 |  | protective_put | +0.14% | +1.39% | 2024: +0.062, 2025: +0.157 | 0.991 |  |  |  |
| debt_retirement | 35 | -0.147 | -0.461 to +0.139 | 0.307 |  | cash_secured_put | -0.26% | +0.56% | 2024: -0.266, 2025: -0.066 | 0.993 |  |  |  |
| credit_facility | 56 | +0.122 | -0.108 to +0.338 | 0.312 |  | protective_put | +2.50% | +2.01% | 2024: +0.021, 2025: +0.243 | 0.975 |  |  |  |
| guarantee_or_letter_of_credit | 32 | +0.157 | -0.177 to +0.437 | 0.332 |  | protective_put | +2.38% | +1.37% | 2024: -0.158, 2025: +0.350 | 0.981 |  |  |  |
| executive_officer_appointment | 89 | +0.090 | -0.097 to +0.276 | 0.334 |  | protective_put | +0.66% | +1.27% | 2024: +0.311, 2025: -0.051 | 0.961 |  |  | yes |
| debt_issuance | 132 | -0.070 | -0.227 to +0.086 | 0.383 |  | cash_secured_put | +0.59% | +0.73% | 2024: +0.099, 2025: -0.213 | 0.951 |  |  |  |
| executive_compensation_change | 137 | +0.038 | -0.109 to +0.182 | 0.572 |  | protective_put | -0.91% | +0.37% | 2024: +0.032, 2025: +0.070 | 1.049 |  |  |  |
| director_departure | 91 | +0.049 | -0.129 to +0.236 | 0.605 |  | protective_put | -0.31% | +1.05% | 2024: +0.104, 2025: -0.011 | 0.964 |  |  | yes |
| business_update | 49 | +0.056 | -0.166 to +0.266 | 0.629 |  | protective_put | +2.02% | +3.08% | 2024: -0.054, 2025: +0.168 | 1.075 |  |  |  |
| investor_presentation | 137 | +0.042 | -0.162 to +0.246 | 0.686 |  | protective_put | +2.12% | +2.89% | 2024: +0.081, 2025: -0.001 | 1.008 |  |  |  |
| guidance_issuance_or_update | 52 | +0.042 | -0.236 to +0.292 | 0.769 |  | protective_put | +2.48% | +2.07% | 2024: +0.134, 2025: -0.045 | 1.049 |  |  | yes |
| dividend_declaration | 74 | -0.027 | -0.240 to +0.232 | 0.791 |  | cash_secured_put | -0.10% | +0.52% | 2024: +0.079, 2025: -0.115 | 1.062 |  |  |  |
| quarterly_earnings | 117 | -0.027 | -0.276 to +0.197 | 0.855 |  | cash_secured_put | +0.52% | +0.87% | 2024: -0.121, 2025: +0.057 | 0.980 |  |  | yes |
| shareholder_proposal_outcome | 112 | -0.022 | -0.178 to +0.201 | 0.869 |  | cash_secured_put | +0.85% | +1.00% | 2024: -0.032, 2025: -0.009 | 0.957 |  |  |  |
| annual_meeting_results | 137 | -0.021 | -0.194 to +0.224 | 0.875 |  | cash_secured_put | +1.02% | +1.08% | 2024: +0.024, 2025: -0.048 | 0.969 |  |  |  |
| executive_officer_departure | 115 | -0.008 | -0.175 to +0.154 | 0.906 |  | cash_secured_put | +0.42% | +0.14% | 2024: +0.146, 2025: -0.108 | 0.975 |  |  |  |
